<area shape="rect" href="$scheduler_8cpp.html#0fcb2205a2bd023d3d00a55f0cf487b1" title="initResourceStruct" alt="" coords="108,447,247,473">
<area shape="rect" href="$scheduler_8cpp.html#0d5f32e277578aaab794784d30bfe53d" title="parseargs" alt="" coords="135,497,220,524">
<area shape="rect" href="$scheduler_8cpp.html#6ecc9559b979dc1adcf49887f10c500e" title="runSimulation" alt="" coords="123,548,232,575">
<area shape="rect" href="$classGrid.html#4ad231bdb2750d553239273616e982bd" title="Grid::appendResourceUtilData" alt="" coords="301,396,517,423">
<area shape="rect" href="$classGrid.html#5a1a2461b5e1654269bf138204883f9e" title="Grid::getResourceList" alt="" coords="640,9,800,36">
<area shape="rect" href="$classGrid.html#c76034b3dfda5e61ddfad37613daa259" title="Grid::executeSchedule" alt="" coords="327,244,492,271">
<area shape="rect" href="$scheduler_8cpp.html#e64900c0f605f0ddc2b5de92d4c96d74" title="gatherSchdules" alt="" coords="349,295,469,321">
<area shape="rect" href="$scheduler_8cpp.html#e5df1a67ff8bf41dffc7ade8fbac38cf" title="getBatch" alt="" coords="369,345,449,372">
<area shape="rect" href="$scheduler_8cpp.html#e0057189546a347c2f0b8eb30a0ea591" title="getBestSchedules" alt="" coords="341,548,477,575">
<area shape="rect" href="$scheduler_8cpp.html#7c7a763fb2da35e937e10e35ae3d061a" title="getGaIterations" alt="" coords="348,447,471,473">
<area shape="rect" href="$scheduler_8cpp.html#1228f68b540116b0efd3d19a1353f732" title="packAndBroadcastResourceList" alt="" coords="297,497,521,524">
<area shape="rect" href="$scheduler_8cpp.html#d091007e4eadc8c285dc75c46b5e9261" title="refreshGridResourceList" alt="" coords="321,117,497,144">
<area shape="rect" href="$classIsland.html#050abffb67894ba25878dd2c9ef44984" title="Island::runGA" alt="" coords="356,599,463,625">
<area shape="rect" href="$classIsland.html#837f70e3c5c14a7837397d3a68e6cddc" title="Island::setCommunicator" alt="" coords="317,649,501,676">
<area shape="rect" href="$classIsland.html#3e9779c062cf4a706f98665e5acbcb1f" title="Island::setNeighbors" alt="" coords="333,700,485,727">
<area shape="rect" href="$scheduler_8cpp.html#25d3a217c1a8c01e5fc4964f0db5b7e6" title="timeEnd" alt="" coords="372,751,447,777">
<area shape="rect" href="$scheduler_8cpp.html#b99d79a1c9b0f3027eb43a622b958a84" title="timeStart" alt="" coords="368,801,451,828">
<area shape="rect" href="$scheduler_8cpp.html#4d3f97593b9627d0b198ebaf0d01199e" title="unpackResourceList" alt="" coords="335,852,484,879">
<area shape="rect" href="$classGrid.html#4f96d094e86b94ff7ab8e38e416954f8" title="Grid::updateResourceLoadData" alt="" coords="297,903,521,929">
<area shape="rect" href="$classGrid.html#3661d0a7f998caaaf8627d7a67072116" title="Grid::~Grid" alt="" coords="363,953,456,980">
<area shape="rect" href="$classIsland.html#3bb216147816580b7be05b70b33d46a7" title="Island::getFitness" alt="" coords="655,111,785,137">
<area shape="rect" href="$classGeneticAlgorithm.html#79040d50ddf4c5306584691f713cd6b6" title="GeneticAlgorithm::fitnessFunction" alt="" coords="933,263,1171,289">
<area shape="rect" href="$classGeneticAlgorithm.html#a7943b2c6b25d2571943d5225f96749b" title="GeneticAlgorithm::executionTimeFunction" alt="" coords="1235,212,1523,239">
<area shape="rect" href="$classGeneticAlgorithm.html#a9572834e60fe2f7dca125390c142036" title="GeneticAlgorithm::flowTimeFunction" alt="" coords="1253,263,1504,289">
<area shape="rect" href="$classGeneticAlgorithm.html#1c05d36f03076a7a8999b6e2e6e8a25b" title="GeneticAlgorithm::getWaitTimeFunction" alt="" coords="1243,313,1515,340">
<area shape="rect" href="$classIsland.html#15463c72f4b3c497cdf9044a9bc15072" title="Island::getIterations" alt="" coords="645,60,795,87">
<area shape="rect" href="$classGeneticAlgorithm.html#a812247b32a134ff44a9579926b526c7" title="GeneticAlgorithm::addIndividual" alt="" coords="608,415,832,441">
<area shape="rect" href="$classGeneticAlgorithm.html#38dfcfb196651833d64443757a81ad94" title="GeneticAlgorithm::crossover" alt="" coords="619,820,821,847">
<area shape="rect" href="$classGeneticAlgorithm.html#61edeb918249a80ae48b399ceffdb608" title="GeneticAlgorithm::getAveragefitness" alt="" coords="591,161,849,188">
<area shape="rect" href="$classGeneticAlgorithm.html#a0f145e7774dbccdebd9acf9abdfb4ac" title="GeneticAlgorithm::getBestSchedules" alt="" coords="592,516,848,543">
<area shape="rect" href="$classGeneticAlgorithm.html#bc8d20478999bca1cd47c7cc3b0022f4" title="GeneticAlgorithm::getPopulation" alt="" coords="605,567,835,593">
<area shape="rect" href="$classIsland.html#7b704aa42456cc35ef99f928e035e601" title="Island::getResourceLoads" alt="" coords="627,617,813,644">
<area shape="rect" href="$classIsland.html#3f414983ae861d3ee3b852a12e884ddb" title="Island::getResourceMipsRatings" alt="" coords="608,668,832,695">
<area shape="rect" href="$classIsland.html#5d12467362016238cc0d60574b706d87" title="Island::migrate" alt="" coords="661,719,779,745">
<area shape="rect" href="$classGeneticAlgorithm.html#cba084e4851909a3a328280c125ebe13" title="GeneticAlgorithm::mutation" alt="" coords="620,769,820,796">
<area shape="rect" href="$classGeneticAlgorithm.html#0c44a4cd973e9beed58c19375d53fe5f" title="GeneticAlgorithm::naturalSelection" alt="" coords="597,364,843,391">
<area shape="rect" href="$classGeneticAlgorithm.html#8207444c61db921983c7a2d724fd48aa" title="GeneticAlgorithm::parentsSelection" alt="" coords="596,871,844,897">
<area shape="rect" href="$classIsland.html#3881585df2dcef8b5b72f059d941073d" title="Island::randomInit" alt="" coords="652,921,788,948">
<area shape="rect" href="$classGeneticAlgorithm.html#5edff97e36bc54ea347b80e6677b45ee" title="GeneticAlgorithm::removeIndividuals" alt="" coords="591,972,849,999">
<area shape="rect" href="$classGeneticAlgorithm.html#5f0cebf09238d73de9262dc4bb12ff0c" title="GeneticAlgorithm::setNumOfResources" alt="" coords="583,1023,857,1049">
<area shape="rect" href="$classGeneticAlgorithm.html#1ea5157d37fec446f20ac7ffb6f2df61" title="GeneticAlgorithm::setPopulation" alt="" coords="605,1073,835,1100">
<area shape="rect" href="$classGeneticAlgorithm.html#96c24759d514821da89519df56ac3f80" title="GeneticAlgorithm::setResourceMipsRatings" alt="" coords="571,1124,869,1151">
<area shape="rect" href="$classGeneticAlgorithm.html#50dd863d444dfab3bd721c6564ab9c13" title="GeneticAlgorithm::setResourcesLoad" alt="" coords="591,1175,849,1201">
<area shape="rect" href="$classGeneticAlgorithm.html#d5e53082e7caa19ceb2d28043556330a" title="GeneticAlgorithm::setTaskMiRatings" alt="" coords="596,1225,844,1252">
<area shape="rect" href="$classIsland.html#56b764a1ffc8183b1a40cc9e9ae42baa" title="Island::setTaskMiRatings" alt="" coords="633,1276,807,1303">
<area shape="rect" href="$classIsland.html#52975f3fa3017ddc3d7d4b9ea3e9cc9f" title="Island::taskMi2fastest" alt="" coords="640,212,800,239">
<area shape="rect" href="$classIsland.html#d10be1fe6cb73363a7b5174917beaa47" title="Island::timeEnd" alt="" coords="660,263,780,289">
<area shape="rect" href="$classIsland.html#77daa06e5d8825217ed7f8afc196e00d" title="Island::timeStart" alt="" coords="656,313,784,340">
<area shape="rect" href="$classGeneticAlgorithm.html#f08fa9162f31538e8263c270d9f854e8" title="GeneticAlgorithm::onePointscrossover" alt="" coords="919,820,1185,847">
