<area shape="rect" href="$geneticalgorithm_8h.html" title="UvA Files/Distributed Stochastic Simulation/Grid_Scheduling_Wood_Koulouzis/src/scheduler_MPI/geneticalgorithm.h" alt="" coords="677,84,1432,111">
<area shape="rect" href="$island_8h.html" title="UvA Files/Distributed Stochastic Simulation/Grid_Scheduling_Wood_Koulouzis/src/scheduler_MPI/island.h" alt="" coords="800,161,1483,188">
<area shape="rect" href="$scheduler_8cpp.html" title="UvA Files/Distributed Stochastic Simulation/Grid_Scheduling_Wood_Koulouzis/src/scheduler_MPI/scheduler.cpp" alt="" coords="1184,239,1907,265">
<area shape="rect" href="$grid_8h.html" title="UvA Files/Distributed Stochastic Simulation/Grid_Scheduling_Wood_Koulouzis/src/scheduler_MPI/grid.h" alt="" coords="1557,84,2229,111">
<area shape="rect" href="$geneticalgorithm_8cpp.html" title="UvA Files/Distributed Stochastic Simulation/Grid_Scheduling_Wood_Koulouzis/src/scheduler_MPI/geneticalgorithm.cpp" alt="" coords="5,161,776,188">
<area shape="rect" href="$island_8cpp.html" title="UvA Files/Distributed Stochastic Simulation/Grid_Scheduling_Wood_Koulouzis/src/scheduler_MPI/island.cpp" alt="" coords="461,239,1160,265">
<area shape="rect" href="$grid_8cpp.html" title="UvA Files/Distributed Stochastic Simulation/Grid_Scheduling_Wood_Koulouzis/src/scheduler_MPI/grid.cpp" alt="" coords="1608,161,2293,188">
